I'm sorry, but errors were detected in your script. Please correct the
errors listed below, and try again.


File "game/script.rpy", line 32: expected statement.
    button:
          ^

Ren'Py Version: Ren'Py 8.5.2.26010301
Sun May 10 00:22:04 2026
